\BOOKMARK [0][-]{chapter*.1}{\376\377\000R\000e\000s\000u\000m\000e\000n}{}% 1
\BOOKMARK [0][-]{chapter*.2}{\376\377\000A\000b\000s\000t\000r\000a\000c\000t}{}% 2
\BOOKMARK [0][-]{chapter.1}{\376\377\000I\000n\000t\000r\000o\000d\000u\000c\000c\000i\000\363\000n}{}% 3
\BOOKMARK [0][-]{chapter.2}{\376\377\000M\000a\000r\000c\000o\000\040\000T\000e\000\363\000r\000i\000c\000o}{}% 4
\BOOKMARK [1][-]{section.2.1}{\376\377\000A\000g\000u\000j\000e\000r\000o\000s\000\040\000N\000e\000g\000r\000o\000s}{chapter.2}% 5
\BOOKMARK [2][-]{subsection.2.1.1}{\376\377\000S\000o\000l\000u\000c\000i\000o\000n\000e\000s\000\040\000d\000e\000\040\000a\000g\000u\000j\000e\000r\000o\000\040\000n\000e\000g\000r\000o\000.}{section.2.1}% 6
\BOOKMARK [1][-]{section.2.2}{\376\377\000J\000e\000t\000s}{chapter.2}% 7
\BOOKMARK [2][-]{subsection.2.2.1}{\376\377\000E\000s\000t\000r\000u\000c\000t\000u\000r\000a\000\040\000d\000e\000l\000\040\000j\000e\000t\000\040}{section.2.2}% 8
\BOOKMARK [2][-]{subsection.2.2.2}{\376\377\000L\000a\000n\000z\000a\000m\000i\000e\000n\000t\000o\000\040\000d\000e\000\040\000j\000e\000t\000s\000:\000\040\000M\000e\000c\000a\000n\000i\000s\000m\000o\000s\000\040\000B\000l\000a\000n\000d\000f\000o\000r\000d\000-\000Z\000n\000a\000j\000e\000k\000\040\000y\000\040\000B\000l\000a\000n\000d\000f\000o\000r\000d\000-\000P\000a\000y\000n\000e\000.}{section.2.2}% 9
\BOOKMARK [1][-]{section.2.3}{\376\377\000E\000m\000i\000s\000i\000\363\000n\000\040\000e\000n\000\040\000e\000l\000\040\000j\000e\000t\000\040}{chapter.2}% 10
\BOOKMARK [2][-]{subsection.2.3.1}{\376\377\000P\000a\000r\000t\000\355\000c\000u\000l\000a\000s\000\040\000r\000e\000l\000a\000t\000i\000v\000i\000s\000t\000a\000s}{section.2.3}% 11
\BOOKMARK [2][-]{subsection.2.3.2}{\376\377\000B\000e\000a\000m\000i\000n\000g\000\040\000r\000e\000l\000a\000t\000i\000v\000i\000s\000t\000a}{section.2.3}% 12
\BOOKMARK [2][-]{subsection.2.3.3}{\376\377\000O\000b\000s\000e\000r\000v\000a\000c\000i\000o\000n\000e\000s\000\040\000e\000n\000\040\000r\000a\000d\000i\000o}{section.2.3}% 13
\BOOKMARK [1][-]{section.2.4}{\376\377\000N\000\372\000c\000l\000e\000o\000s\000\040\000g\000a\000l\000\341\000c\000t\000i\000c\000o\000s\000\040\000a\000c\000t\000i\000v\000o\000s}{chapter.2}% 14
\BOOKMARK [2][-]{subsection.2.4.1}{\376\377\000R\000a\000d\000i\000o\000g\000a\000l\000a\000x\000i\000a\000s}{section.2.4}% 15
\BOOKMARK [1][-]{section.2.5}{\376\377\000C\000e\000n\000t\000a\000u\000r\000u\000s\000\040\000A}{chapter.2}% 16
\BOOKMARK [0][-]{chapter.3}{\376\377\000M\000o\000d\000e\000l\000o}{}% 17
\BOOKMARK [1][-]{section.3.1}{\376\377\000E\000s\000t\000r\000u\000c\000t\000u\000r\000a\000\040\000g\000e\000n\000e\000r\000a\000l\000\040\000d\000e\000l\000\040\000j\000e\000t\000\040}{chapter.3}% 18
\BOOKMARK [1][-]{section.3.2}{\376\377\000G\000e\000o\000m\000e\000t\000r\000\355\000a\000\040\000y\000\040\000d\000i\000n\000\341\000m\000i\000c\000a\000\040\000d\000e\000l\000\040\000j\000e\000t\000\040}{chapter.3}% 19
\BOOKMARK [2][-]{subsection.3.2.1}{\376\377\000E\000c\000u\000a\000c\000i\000o\000n\000e\000s\000\040\000d\000e\000\040\000c\000o\000n\000s\000e\000r\000v\000a\000c\000i\000\363\000n\000\040\000y\000\040\000m\000a\000g\000n\000e\000t\000i\000z\000a\000c\000i\000\363\000n}{section.3.2}% 20
\BOOKMARK [1][-]{section.3.3}{\376\377\000P\000o\000t\000e\000n\000c\000i\000a\000\040\000d\000e\000l\000\040\000j\000e\000t\000\040\000e\000\040\000i\000n\000y\000e\000c\000c\000i\000\363\000n\000\040\000d\000e\000\040\000p\000a\000r\000t\000\355\000c\000u\000l\000a\000s}{chapter.3}% 21
\BOOKMARK [2][-]{subsection.3.3.1}{\376\377\000P\000o\000t\000e\000n\000c\000i\000a\000\040\000t\000o\000t\000a\000l\000\040\000d\000e\000l\000\040\000j\000e\000t\000\040}{section.3.3}% 22
\BOOKMARK [2][-]{subsection.3.3.2}{\376\377\000P\000o\000t\000e\000n\000c\000i\000a\000\040\000i\000n\000y\000e\000c\000t\000a\000d\000a}{section.3.3}% 23
\BOOKMARK [1][-]{section.3.4}{\376\377\000D\000i\000s\000t\000r\000i\000b\000u\000c\000i\000\363\000n\000\040\000d\000e\000\040\000p\000a\000r\000t\000\355\000c\000u\000l\000a\000s\000\040\000r\000e\000l\000a\000t\000i\000v\000i\000s\000t\000a\000s}{chapter.3}% 24
\BOOKMARK [2][-]{subsection.3.4.1}{\376\377\000P\000\351\000r\000d\000i\000d\000a\000s\000\040\000r\000a\000d\000i\000a\000t\000i\000v\000a\000s}{section.3.4}% 25
\BOOKMARK [2][-]{subsection.3.4.2}{\376\377\000P\000\351\000r\000d\000i\000d\000a\000s\000\040\000a\000d\000i\000a\000b\000\341\000t\000i\000c\000a\000s}{section.3.4}% 26
\BOOKMARK [1][-]{section.3.5}{\376\377\000R\000a\000d\000i\000a\000c\000i\000\363\000n\000\040\000e\000m\000i\000t\000i\000d\000a}{chapter.3}% 27
\BOOKMARK [2][-]{subsection.3.5.1}{\376\377\000F\000l\000u\000j\000o\000\040\000o\000b\000s\000e\000r\000v\000a\000d\000o}{section.3.5}% 28
\BOOKMARK [2][-]{subsection.3.5.2}{\376\377\000P\000r\000o\000f\000u\000n\000d\000i\000d\000a\000d\000\040\000\363\000p\000t\000i\000c\000a}{section.3.5}% 29
\BOOKMARK [2][-]{subsection.3.5.3}{\376\377\000C\000o\000e\000f\000i\000c\000i\000e\000n\000t\000e\000s\000\040\000d\000e\000\040\000e\000m\000i\000s\000i\000v\000i\000d\000a\000d\000\040\000y\000\040\000a\000b\000s\000o\000r\000c\000i\000\363\000n}{section.3.5}% 30
\BOOKMARK [2][-]{subsection.3.5.4}{\376\377\000R\000e\000g\000\355\000m\000e\000n\000e\000s\000\040\000d\000e\000\040\000a\000b\000s\000o\000r\000c\000i\000\363\000n}{section.3.5}% 31
\BOOKMARK [1][-]{section.3.6}{\376\377\000C\000o\000n\000v\000o\000l\000u\000c\000i\000\363\000n}{chapter.3}% 32
\BOOKMARK [2][-]{subsection.3.6.1}{\376\377\000C\000o\000n\000v\000o\000l\000u\000c\000i\000\363\000n\000\040\000d\000i\000s\000c\000r\000e\000t\000a}{section.3.6}% 33
\BOOKMARK [2][-]{subsection.3.6.2}{\376\377\000P\000r\000u\000e\000b\000a\000\040\000d\000e\000\040\000c\000o\000n\000v\000o\000l\000u\000c\000i\000\363\000n\000\040\000s\000o\000b\000r\000e\000\040\000d\000o\000s\000\040\000f\000u\000e\000n\000t\000e\000s\000\040\000p\000u\000n\000t\000u\000a\000l\000e\000s}{section.3.6}% 34
\BOOKMARK [0][-]{chapter.4}{\376\377\000R\000e\000s\000u\000l\000t\000a\000d\000o\000s}{}% 35
\BOOKMARK [1][-]{section.4.1}{\376\377\000E\000x\000p\000l\000o\000r\000a\000c\000i\000\363\000n\000\040\000d\000e\000\040\000p\000a\000r\000\341\000m\000e\000t\000r\000o\000s}{chapter.4}% 36
\BOOKMARK [2][-]{subsection.4.1.1}{\376\377\000D\000i\000s\000t\000r\000i\000b\000u\000c\000i\000\363\000n\000\040\000e\000s\000p\000e\000c\000t\000r\000a\000l\000\040\000d\000e\000\040\000e\000n\000e\000r\000g\000\355\000a}{section.4.1}% 37
\BOOKMARK [2][-]{subsection.4.1.2}{\376\377\000M\000a\000p\000a\000\040\000d\000e\000\040\000t\000e\000m\000p\000e\000r\000a\000t\000u\000r\000a\000\040\000d\000e\000\040\000b\000r\000i\000l\000l\000o\000\040\000e\000n\000\040\000e\000l\000\040\000c\000i\000e\000l\000o}{section.4.1}% 38
\BOOKMARK [2][-]{subsection.4.1.3}{\376\377\000P\000e\000r\000f\000i\000l\000\040\000d\000e\000\040\000t\000e\000m\000p\000e\000r\000a\000t\000u\000r\000a\000\040\000d\000e\000\040\000b\000r\000i\000l\000l\000o}{section.4.1}% 39
\BOOKMARK [1][-]{section.4.2}{\376\377\000A\000j\000u\000s\000t\000e\000\040\000d\000e\000\040\000p\000a\000r\000\341\000m\000e\000t\000r\000o\000s\000\040\000a\000\040\000o\000b\000s\000e\000r\000v\000a\000c\000i\000o\000n\000e\000s\000\040\000d\000e\000\040\000C\000e\000n\000\040\000A}{chapter.4}% 40
\BOOKMARK [2][-]{subsection.4.2.1}{\376\377\000P\000a\000r\000\341\000m\000e\000t\000r\000o\000s\000\040\000y\000\040\000c\000o\000n\000d\000i\000c\000i\000o\000n\000e\000s\000\040\000i\000n\000i\000c\000i\000a\000l\000e\000s}{section.4.2}% 41
\BOOKMARK [2][-]{subsection.4.2.2}{\376\377\000D\000i\000s\000t\000r\000i\000b\000u\000c\000i\000\363\000n\000\040\000e\000s\000p\000e\000c\000t\000r\000a\000l\000\040\000d\000e\000\040\000e\000n\000e\000r\000g\000\355\000a\000\040\000d\000e\000\040\000C\000e\000n\000\040\000A}{section.4.2}% 42
\BOOKMARK [2][-]{subsection.4.2.3}{\376\377\000M\000a\000p\000a\000\040\000d\000e\000\040\000t\000e\000m\000p\000e\000r\000a\000t\000u\000r\000a\000\040\000d\000e\000\040\000b\000r\000i\000l\000l\000o\000\040\000e\000n\000\040\000e\000l\000\040\000c\000i\000e\000l\000o\000\040\000d\000e\000\040\000C\000e\000n\000\040\000A}{section.4.2}% 43
\BOOKMARK [2][-]{subsection.4.2.4}{\376\377\000P\000e\000r\000f\000i\000l\000\040\000d\000e\000\040\000t\000e\000m\000p\000e\000r\000a\000t\000u\000r\000a\000\040\000d\000e\000\040\000b\000r\000i\000l\000l\000o\000\040\000a\000j\000u\000s\000t\000a\000d\000o\000\040\000p\000a\000r\000a\000\040\000C\000e\000n\000\040\000A}{section.4.2}% 44
\BOOKMARK [0][-]{chapter.5}{\376\377\000C\000o\000n\000c\000l\000u\000s\000i\000o\000n\000e\000s}{}% 45
\BOOKMARK [0][-]{appendix.A}{\376\377\000R\000a\000d\000i\000a\000c\000i\000\363\000n\000\040\000s\000i\000n\000c\000r\000o\000t\000r\000\363\000n}{}% 46
\BOOKMARK [1][-]{section.A.1}{\376\377\000P\000o\000t\000e\000n\000c\000i\000a\000\040\000s\000i\000n\000c\000r\000o\000t\000r\000\363\000n}{appendix.A}% 47
\BOOKMARK [1][-]{section.A.2}{\376\377\000A\000u\000t\000o\000-\000a\000b\000s\000o\000r\000c\000i\000\363\000n\000\040\000s\000i\000n\000c\000r\000o\000t\000r\000\363\000n\000\040\000\050\000S\000S\000A\000\051}{appendix.A}% 48
\BOOKMARK [0][-]{figure.caption.28}{\376\377\000B\000i\000b\000l\000i\000o\000g\000r\000a\000f\000\355\000a}{}% 49
