This is pdfTeX, Version 3.141592653-2.6-1.40.25 (TeX Live 2023/Debian) (preloaded format=pdflatex 2025.10.15)  27 DEC 2025 13:26
entering extended mode
 restricted \write18 enabled.
 %&-line parsing enabled.
**Tesis_Apellido.tex
(./Tesis_Apellido.tex
LaTeX2e <2023-11-01> patch level 1
L3 programming layer <2024-01-22>
(/usr/share/texlive/texmf-dist/tex/latex/base/book.cls
Document Class: book 2023/05/17 v1.4n Standard LaTeX document class
(/usr/share/texlive/texmf-dist/tex/latex/base/bk11.clo
File: bk11.clo 2023/05/17 v1.4n Standard LaTeX file (size option)
)
\c@part=\count187
\c@chapter=\count188
\c@section=\count189
\c@subsection=\count190
\c@subsubsection=\count191
\c@paragraph=\count192
\c@subparagraph=\count193
\c@figure=\count194
\c@table=\count195
\abovecaptionskip=\skip48
\belowcaptionskip=\skip49
\bibindent=\dimen140
)
(/usr/share/texlive/texmf-dist/tex/latex/geometry/geometry.sty
Package: geometry 2020/01/02 v5.9 Page Geometry

(/usr/share/texlive/texmf-dist/tex/latex/graphics/keyval.sty
Package: keyval 2022/05/29 v1.15 key=value parser (DPC)
\KV@toks@=\toks17
)
(/usr/share/texlive/texmf-dist/tex/generic/iftex/ifvtex.sty
Package: ifvtex 2019/10/25 v1.7 ifvtex legacy package. Use iftex instead.

(/usr/share/texlive/texmf-dist/tex/generic/iftex/iftex.sty
Package: iftex 2022/02/03 v1.0f TeX engine tests
))
\Gm@cnth=\count196
\Gm@cntv=\count197
\c@Gm@tempcnt=\count198
\Gm@bindingoffset=\dimen141
\Gm@wd@mp=\dimen142
\Gm@odd@mp=\dimen143
\Gm@even@mp=\dimen144
\Gm@layoutwidth=\dimen145
\Gm@layoutheight=\dimen146
\Gm@layouthoffset=\dimen147
\Gm@layoutvoffset=\dimen148
\Gm@dimlist=\toks18
)
(/usr/share/texlive/texmf-dist/tex/generic/babel/babel.sty
Package: babel 2024/01/07 v24.1 The Babel package
\babel@savecnt=\count199
\U@D=\dimen149
\l@unhyphenated=\language9

(/usr/share/texlive/texmf-dist/tex/generic/babel/txtbabel.def)
\bbl@readstream=\read2
\bbl@dirlevel=\count266

(/usr/share/texlive/texmf-dist/tex/generic/babel/locale/es/babel-spanish.tex)
Package babel Info: Importing data for spanish
(babel)             from babel-es.ini. Reported on input line 4318.
Package babel Info: Hyphen rules for 'spanish' set to \l@english
(babel)             (\language0). Reported on input line 4318.
)
(/usr/share/texlive/texmf-dist/tex/latex/base/inputenc.sty
Package: inputenc 2021/02/14 v1.3d Input encoding file
\inpenc@prehook=\toks19
\inpenc@posthook=\toks20
)
(/usr/share/texlive/texmf-dist/tex/latex/natbib/natbib.sty
Package: natbib 2010/09/13 8.31b (PWD, AO)
\bibhang=\skip50
\bibsep=\skip51
LaTeX Info: Redefining \cite on input line 694.
\c@NAT@ctr=\count267
)
(/usr/share/texlive/texmf-dist/tex/latex/wrapfig/wrapfig.sty
\wrapoverhang=\dimen150
\WF@size=\dimen151
\c@WF@wrappedlines=\count268
\WF@box=\box51
\WF@everypar=\toks21
Package: wrapfig 2003/01/31  v 3.6
)
(/usr/share/texlive/texmf-dist/tex/generic/ulem/ulem.sty
\UL@box=\box52
\UL@hyphenbox=\box53
\UL@skip=\skip52
\UL@hook=\toks22
\UL@height=\dimen152
\UL@pe=\count269
\UL@pixel=\dimen153
\ULC@box=\box54
Package: ulem 2019/11/18
\ULdepth=\dimen154
)
(/usr/share/texlive/texmf-dist/tex/latex/base/textcomp.sty
Package: textcomp 2020/02/02 v2.0n Standard LaTeX package
)
(/usr/share/texmf/tex/latex/lm/lmodern.sty
Package: lmodern 2015/05/01 v1.6.1 Latin Modern Fonts
LaTeX Font Info:    Overwriting symbol font `operators' in version `normal'
(Font)                  OT1/cmr/m/n --> OT1/lmr/m/n on input line 22.
LaTeX Font Info:    Overwriting symbol font `letters' in version `normal'
(Font)                  OML/cmm/m/it --> OML/lmm/m/it on input line 23.
LaTeX Font Info:    Overwriting symbol font `symbols' in version `normal'
(Font)                  OMS/cmsy/m/n --> OMS/lmsy/m/n on input line 24.
LaTeX Font Info:    Overwriting symbol font `largesymbols' in version `normal'
(Font)                  OMX/cmex/m/n --> OMX/lmex/m/n on input line 25.
LaTeX Font Info:    Overwriting symbol font `operators' in version `bold'
(Font)                  OT1/cmr/bx/n --> OT1/lmr/bx/n on input line 26.
LaTeX Font Info:    Overwriting symbol font `letters' in version `bold'
(Font)                  OML/cmm/b/it --> OML/lmm/b/it on input line 27.
LaTeX Font Info:    Overwriting symbol font `symbols' in version `bold'
(Font)                  OMS/cmsy/b/n --> OMS/lmsy/b/n on input line 28.
LaTeX Font Info:    Overwriting symbol font `largesymbols' in version `bold'
(Font)                  OMX/cmex/m/n --> OMX/lmex/m/n on input line 29.
LaTeX Font Info:    Overwriting math alphabet `\mathbf' in version `normal'
(Font)                  OT1/cmr/bx/n --> OT1/lmr/bx/n on input line 31.
LaTeX Font Info:    Overwriting math alphabet `\mathsf' in version `normal'
(Font)                  OT1/cmss/m/n --> OT1/lmss/m/n on input line 32.
LaTeX Font Info:    Overwriting math alphabet `\mathit' in version `normal'
(Font)                  OT1/cmr/m/it --> OT1/lmr/m/it on input line 33.
LaTeX Font Info:    Overwriting math alphabet `\mathtt' in version `normal'
(Font)                  OT1/cmtt/m/n --> OT1/lmtt/m/n on input line 34.
LaTeX Font Info:    Overwriting math alphabet `\mathbf' in version `bold'
(Font)                  OT1/cmr/bx/n --> OT1/lmr/bx/n on input line 35.
LaTeX Font Info:    Overwriting math alphabet `\mathsf' in version `bold'
(Font)                  OT1/cmss/bx/n --> OT1/lmss/bx/n on input line 36.
LaTeX Font Info:    Overwriting math alphabet `\mathit' in version `bold'
(Font)                  OT1/cmr/bx/it --> OT1/lmr/bx/it on input line 37.
LaTeX Font Info:    Overwriting math alphabet `\mathtt' in version `bold'
(Font)                  OT1/cmtt/m/n --> OT1/lmtt/m/n on input line 38.
)
(/usr/share/texlive/texmf-dist/tex/latex/amsmath/amsmath.sty
Package: amsmath 2023/05/13 v2.17o AMS math features
\@mathmargin=\skip53

For additional information on amsmath, use the `?' option.
(/usr/share/texlive/texmf-dist/tex/latex/amsmath/amstext.sty
Package: amstext 2021/08/26 v2.01 AMS text

(/usr/share/texlive/texmf-dist/tex/latex/amsmath/amsgen.sty
File: amsgen.sty 1999/11/30 v2.0 generic functions
\@emptytoks=\toks23
\ex@=\dimen155
))
(/usr/share/texlive/texmf-dist/tex/latex/amsmath/amsbsy.sty
Package: amsbsy 1999/11/29 v1.2d Bold Symbols
\pmbraise@=\dimen156
)
(/usr/share/texlive/texmf-dist/tex/latex/amsmath/amsopn.sty
Package: amsopn 2022/04/08 v2.04 operator names
)
\inf@bad=\count270
LaTeX Info: Redefining \frac on input line 234.
\uproot@=\count271
\leftroot@=\count272
LaTeX Info: Redefining \overline on input line 399.
LaTeX Info: Redefining \colon on input line 410.
\classnum@=\count273
\DOTSCASE@=\count274
LaTeX Info: Redefining \ldots on input line 496.
LaTeX Info: Redefining \dots on input line 499.
LaTeX Info: Redefining \cdots on input line 620.
\Mathstrutbox@=\box55
\strutbox@=\box56
LaTeX Info: Redefining \big on input line 722.
LaTeX Info: Redefining \Big on input line 723.
LaTeX Info: Redefining \bigg on input line 724.
LaTeX Info: Redefining \Bigg on input line 725.
\big@size=\dimen157
LaTeX Font Info:    Redeclaring font encoding OML on input line 743.
LaTeX Font Info:    Redeclaring font encoding OMS on input line 744.
\macc@depth=\count275
LaTeX Info: Redefining \bmod on input line 905.
LaTeX Info: Redefining \pmod on input line 910.
LaTeX Info: Redefining \smash on input line 940.
LaTeX Info: Redefining \relbar on input line 970.
LaTeX Info: Redefining \Relbar on input line 971.
\c@MaxMatrixCols=\count276
\dotsspace@=\muskip16
\c@parentequation=\count277
\dspbrk@lvl=\count278
\tag@help=\toks24
\row@=\count279
\column@=\count280
\maxfields@=\count281
\andhelp@=\toks25
\eqnshift@=\dimen158
\alignsep@=\dimen159
\tagshift@=\dimen160
\tagwidth@=\dimen161
\totwidth@=\dimen162
\lineht@=\dimen163
\@envbody=\toks26
\multlinegap=\skip54
\multlinetaggap=\skip55
\mathdisplay@stack=\toks27
LaTeX Info: Redefining \[ on input line 2953.
LaTeX Info: Redefining \] on input line 2954.
)
(/usr/share/texlive/texmf-dist/tex/latex/amsfonts/amssymb.sty
Package: amssymb 2013/01/14 v3.01 AMS font symbols

(/usr/share/texlive/texmf-dist/tex/latex/amsfonts/amsfonts.sty
Package: amsfonts 2013/01/14 v3.01 Basic AMSFonts support
\symAMSa=\mathgroup4
\symAMSb=\mathgroup5
LaTeX Font Info:    Redeclaring math symbol \hbar on input line 98.
LaTeX Font Info:    Overwriting math alphabet `\mathfrak' in version `bold'
(Font)                  U/euf/m/n --> U/euf/b/n on input line 106.
))
(/usr/share/texlive/texmf-dist/tex/latex/gensymb/gensymb.sty
Package: gensymb 2022/10/17 v1.0.2 (KJH)
)
(/usr/share/texlive/texmf-dist/tex/latex/float/float.sty
Package: float 2001/11/08 v1.3d Float enhancements (AL)
\c@float@type=\count282
\float@exts=\toks28
\float@box=\box57
\@float@everytoks=\toks29
\@floatcapt=\box58
)
(/usr/share/texlive/texmf-dist/tex/latex/comment/comment.sty
\CommentStream=\write3

Excluding comment 'comment')
(/usr/share/texlive/texmf-dist/tex/latex/graphics/graphicx.sty
Package: graphicx 2021/09/16 v1.2d Enhanced LaTeX Graphics (DPC,SPQR)

(/usr/share/texlive/texmf-dist/tex/latex/graphics/graphics.sty
Package: graphics 2022/03/10 v1.4e Standard LaTeX Graphics (DPC,SPQR)

(/usr/share/texlive/texmf-dist/tex/latex/graphics/trig.sty
Package: trig 2021/08/11 v1.11 sin cos tan (DPC)
)
(/usr/share/texlive/texmf-dist/tex/latex/graphics-cfg/graphics.cfg
File: graphics.cfg 2016/06/04 v1.11 sample graphics configuration
)
Package graphics Info: Driver file: pdftex.def on input line 107.

(/usr/share/texlive/texmf-dist/tex/latex/graphics-def/pdftex.def
File: pdftex.def 2022/09/22 v1.2b Graphics/color driver for pdftex
))
\Gin@req@height=\dimen164
\Gin@req@width=\dimen165
)
(/usr/share/texlive/texmf-dist/tex/latex/import/import.sty
Package: import 2020/04/01  v 6.2
)
(/usr/share/texlive/texmf-dist/tex/latex/url/url.sty
\Urlmuskip=\muskip17
Package: url 2013/09/16  ver 3.4  Verb mode for urls, etc.
)
(/usr/share/texlive/texmf-dist/tex/latex/caption/caption.sty
Package: caption 2023/08/05 v3.6o Customizing captions (AR)

(/usr/share/texlive/texmf-dist/tex/latex/caption/caption3.sty
Package: caption3 2023/07/31 v2.4d caption3 kernel (AR)
\caption@tempdima=\dimen166
\captionmargin=\dimen167
\caption@leftmargin=\dimen168
\caption@rightmargin=\dimen169
\caption@width=\dimen170
\caption@indent=\dimen171
\caption@parindent=\dimen172
\caption@hangindent=\dimen173
Package caption Info: Standard document class detected.
)
\c@caption@flags=\count283
\c@continuedfloat=\count284
Package caption Info: float package is loaded.
Package caption Info: wrapfig package is loaded.
)
(/usr/share/texlive/texmf-dist/tex/latex/caption/subcaption.sty
Package: subcaption 2023/07/28 v1.6b Sub-captions (AR)
Package caption Info: New subtype `subfigure' on input line 238.
\c@subfigure=\count285
Package caption Info: New subtype `subtable' on input line 238.
\c@subtable=\count286
)
(/usr/share/texlive/texmf-dist/tex/latex/fancyhdr/fancyhdr.sty
Package: fancyhdr 2022/11/09 v4.1 Extensive control of page headers and footers

\f@nch@headwidth=\skip56
\f@nch@O@elh=\skip57
\f@nch@O@erh=\skip58
\f@nch@O@olh=\skip59
\f@nch@O@orh=\skip60
\f@nch@O@elf=\skip61
\f@nch@O@erf=\skip62
\f@nch@O@olf=\skip63
\f@nch@O@orf=\skip64
)
(/usr/share/texlive/texmf-dist/tex/latex/titlesec/titlesec.sty
Package: titlesec 2023/10/27 v2.16 Sectioning titles
\ttl@box=\box59
\beforetitleunit=\skip65
\aftertitleunit=\skip66
\ttl@plus=\dimen174
\ttl@minus=\dimen175
\ttl@toksa=\toks30
\titlewidth=\dimen176
\titlewidthlast=\dimen177
\titlewidthfirst=\dimen178
)
(/usr/share/texlive/texmf-dist/tex/latex/enumitem/enumitem.sty
Package: enumitem 2019/06/20 v3.9 Customized lists
\labelindent=\skip67
\enit@outerparindent=\dimen179
\enit@toks=\toks31
\enit@inbox=\box60
\enit@count@id=\count287
\enitdp@description=\count288
)
(/usr/share/texlive/texmf-dist/tex/latex/siunitx/siunitx.sty
Package: siunitx 2024-01-25 v3.3.10 A comprehensive (SI) units package
\l__siunitx_number_uncert_offset_int=\count289
\l__siunitx_number_exponent_fixed_int=\count290
\l__siunitx_number_min_decimal_int=\count291
\l__siunitx_number_min_integer_int=\count292
\l__siunitx_number_round_precision_int=\count293
\l__siunitx_number_lower_threshold_int=\count294
\l__siunitx_number_upper_threshold_int=\count295
\l__siunitx_number_group_first_int=\count296
\l__siunitx_number_group_size_int=\count297
\l__siunitx_number_group_minimum_int=\count298
\l__siunitx_angle_tmp_dim=\dimen180
\l__siunitx_angle_marker_box=\box61
\l__siunitx_angle_unit_box=\box62
\l__siunitx_compound_count_int=\count299

(/usr/share/texlive/texmf-dist/tex/latex/translations/translations.sty
Package: translations 2022/02/05 v1.12 internationalization of LaTeX2e packages
 (CN)

(/usr/share/texlive/texmf-dist/tex/latex/etoolbox/etoolbox.sty
Package: etoolbox 2020/10/05 v2.5k e-TeX tools for LaTeX (JAW)
\etb@tempcnta=\count300
)
(/usr/share/texlive/texmf-dist/tex/generic/pdftexcmds/pdftexcmds.sty
Package: pdftexcmds 2020-06-27 v0.33 Utility functions of pdfTeX for LuaTeX (HO
)

(/usr/share/texlive/texmf-dist/tex/generic/infwarerr/infwarerr.sty
Package: infwarerr 2019/12/03 v1.5 Providing info/warning/error messages (HO)
)
(/usr/share/texlive/texmf-dist/tex/generic/ltxcmds/ltxcmds.sty
Package: ltxcmds 2023-12-04 v1.26 LaTeX kernel commands for general use (HO)
)
Package pdftexcmds Info: \pdf@primitive is available.
Package pdftexcmds Info: \pdf@ifprimitive is available.
Package pdftexcmds Info: \pdfdraftmode found.
))
\l__siunitx_table_tmp_box=\box63
\l__siunitx_table_tmp_dim=\dimen181
\l__siunitx_table_column_width_dim=\dimen182
\l__siunitx_table_integer_box=\box64
\l__siunitx_table_decimal_box=\box65
\l__siunitx_table_uncert_box=\box66
\l__siunitx_table_before_box=\box67
\l__siunitx_table_after_box=\box68
\l__siunitx_table_before_dim=\dimen183
\l__siunitx_table_carry_dim=\dimen184
\l__siunitx_unit_tmp_int=\count301
\l__siunitx_unit_position_int=\count302
\l__siunitx_unit_total_int=\count303

(/usr/share/texlive/texmf-dist/tex/latex/tools/array.sty
Package: array 2023/10/16 v2.5g Tabular extension package (FMi)
\col@sep=\dimen185
\ar@mcellbox=\box69
\extrarowheight=\dimen186
\NC@list=\toks32
\extratabsurround=\skip68
\backup@length=\skip69
\ar@cellbox=\box70
))
(/usr/share/texlive/texmf-dist/tex/latex/booktabs/booktabs.sty
Package: booktabs 2020/01/12 v1.61803398 Publication quality tables
\heavyrulewidth=\dimen187
\lightrulewidth=\dimen188
\cmidrulewidth=\dimen189
\belowrulesep=\dimen190
\belowbottomsep=\dimen191
\aboverulesep=\dimen192
\abovetopsep=\dimen193
\cmidrulesep=\dimen194
\cmidrulekern=\dimen195
\defaultaddspace=\dimen196
\@cmidla=\count304
\@cmidlb=\count305
\@aboverulesep=\dimen197
\@belowrulesep=\dimen198
\@thisruleclass=\count306
\@lastruleclass=\count307
\@thisrulewidth=\dimen199
)
(/usr/share/texlive/texmf-dist/tex/latex/threeparttable/threeparttable.sty
Package: threeparttable 2003/06/13  v 3.0
\@tempboxb=\box71
)
(/usr/share/texlive/texmf-dist/tex/latex/graphics/rotating.sty
Package: rotating 2016/08/11 v2.16d rotated objects in LaTeX

(/usr/share/texlive/texmf-dist/tex/latex/base/ifthen.sty
Package: ifthen 2022/04/13 v1.1d Standard LaTeX ifthen package (DPC)
)
\c@r@tfl@t=\count308
\rotFPtop=\skip70
\rotFPbot=\skip71
\rot@float@box=\box72
\rot@mess@toks=\toks33
)
(/usr/share/texlive/texmf-dist/tex/latex/hyperref/hyperref.sty
Package: hyperref 2024-01-20 v7.01h Hypertext links for LaTeX

(/usr/share/texlive/texmf-dist/tex/latex/kvsetkeys/kvsetkeys.sty
Package: kvsetkeys 2022-10-05 v1.19 Key value parser (HO)
)
(/usr/share/texlive/texmf-dist/tex/generic/kvdefinekeys/kvdefinekeys.sty
Package: kvdefinekeys 2019-12-19 v1.6 Define keys (HO)
)
(/usr/share/texlive/texmf-dist/tex/generic/pdfescape/pdfescape.sty
Package: pdfescape 2019/12/09 v1.15 Implements pdfTeX's escape features (HO)
)
(/usr/share/texlive/texmf-dist/tex/latex/hycolor/hycolor.sty
Package: hycolor 2020-01-27 v1.10 Color options for hyperref/bookmark (HO)
)
(/usr/share/texlive/texmf-dist/tex/latex/auxhook/auxhook.sty
Package: auxhook 2019-12-17 v1.6 Hooks for auxiliary files (HO)
)
(/usr/share/texlive/texmf-dist/tex/latex/hyperref/nameref.sty
Package: nameref 2023-11-26 v2.56 Cross-referencing by name of section

(/usr/share/texlive/texmf-dist/tex/latex/refcount/refcount.sty
Package: refcount 2019/12/15 v3.6 Data extraction from label references (HO)
)
(/usr/share/texlive/texmf-dist/tex/generic/gettitlestring/gettitlestring.sty
Package: gettitlestring 2019/12/15 v1.6 Cleanup title references (HO)

(/usr/share/texlive/texmf-dist/tex/latex/kvoptions/kvoptions.sty
Package: kvoptions 2022-06-15 v3.15 Key value format for package options (HO)
))
\c@section@level=\count309
)
\@linkdim=\dimen256
\Hy@linkcounter=\count310
\Hy@pagecounter=\count311

(/usr/share/texlive/texmf-dist/tex/latex/hyperref/pd1enc.def
File: pd1enc.def 2024-01-20 v7.01h Hyperref: PDFDocEncoding definition (HO)
Now handling font encoding PD1 ...
... no UTF-8 mapping file for font encoding PD1
)
(/usr/share/texlive/texmf-dist/tex/generic/intcalc/intcalc.sty
Package: intcalc 2019/12/15 v1.3 Expandable calculations with integers (HO)
)
\Hy@SavedSpaceFactor=\count312

(/usr/share/texlive/texmf-dist/tex/latex/hyperref/puenc.def
File: puenc.def 2024-01-20 v7.01h Hyperref: PDF Unicode definition (HO)
Now handling font encoding PU ...
... no UTF-8 mapping file for font encoding PU
)
Package hyperref Info: Hyper figures OFF on input line 4179.
Package hyperref Info: Link nesting OFF on input line 4184.
Package hyperref Info: Hyper index ON on input line 4187.
Package hyperref Info: Plain pages OFF on input line 4194.
Package hyperref Info: Backreferencing OFF on input line 4199.
Package hyperref Info: Implicit mode ON; LaTeX internals redefined.
Package hyperref Info: Bookmarks ON on input line 4446.
\c@Hy@tempcnt=\count313
LaTeX Info: Redefining \url on input line 4784.
\XeTeXLinkMargin=\dimen257

(/usr/share/texlive/texmf-dist/tex/generic/bitset/bitset.sty
Package: bitset 2019/12/09 v1.3 Handle bit-vector datatype (HO)

(/usr/share/texlive/texmf-dist/tex/generic/bigintcalc/bigintcalc.sty
Package: bigintcalc 2019/12/15 v1.5 Expandable calculations on big integers (HO
)
))
\Fld@menulength=\count314
\Field@Width=\dimen258
\Fld@charsize=\dimen259
Package hyperref Info: Hyper figures OFF on input line 6063.
Package hyperref Info: Link nesting OFF on input line 6068.
Package hyperref Info: Hyper index ON on input line 6071.
Package hyperref Info: backreferencing OFF on input line 6078.
Package hyperref Info: Link coloring OFF on input line 6083.
Package hyperref Info: Link coloring with OCG OFF on input line 6088.
Package hyperref Info: PDF/A mode OFF on input line 6093.

(/usr/share/texlive/texmf-dist/tex/latex/base/atbegshi-ltx.sty
Package: atbegshi-ltx 2021/01/10 v1.0c Emulation of the original atbegshi
package with kernel methods
)
\Hy@abspage=\count315
\c@Item=\count316
\c@Hfootnote=\count317
)
Package hyperref Info: Driver (autodetected): hpdftex.

(/usr/share/texlive/texmf-dist/tex/latex/hyperref/hpdftex.def
File: hpdftex.def 2024-01-20 v7.01h Hyperref driver for pdfTeX

(/usr/share/texlive/texmf-dist/tex/latex/base/atveryend-ltx.sty
Package: atveryend-ltx 2020/08/19 v1.0a Emulation of the original atveryend pac
kage
with kernel methods
)
\Fld@listcount=\count318
\c@bookmark@seq@number=\count319

(/usr/share/texlive/texmf-dist/tex/latex/rerunfilecheck/rerunfilecheck.sty
Package: rerunfilecheck 2022-07-10 v1.10 Rerun checks for auxiliary files (HO)

(/usr/share/texlive/texmf-dist/tex/generic/uniquecounter/uniquecounter.sty
Package: uniquecounter 2019/12/15 v1.4 Provide unlimited unique counter (HO)
)
Package uniquecounter Info: New unique counter `rerunfilecheck' on input line 2
85.
)
\Hy@SectionHShift=\skip72
)
(/usr/share/texlive/texmf-dist/tex/latex/xcolor/xcolor.sty
Package: xcolor 2023/11/15 v3.01 LaTeX color extensions (UK)

(/usr/share/texlive/texmf-dist/tex/latex/graphics-cfg/color.cfg
File: color.cfg 2016/01/02 v1.6 sample color configuration
)
Package xcolor Info: Driver file: pdftex.def on input line 274.

(/usr/share/texlive/texmf-dist/tex/latex/graphics/mathcolor.ltx)
Package xcolor Info: Model `cmy' substituted by `cmy0' on input line 1350.
Package xcolor Info: Model `hsb' substituted by `rgb' on input line 1354.
Package xcolor Info: Model `RGB' extended on input line 1366.
Package xcolor Info: Model `HTML' substituted by `rgb' on input line 1368.
Package xcolor Info: Model `Hsb' substituted by `hsb' on input line 1369.
Package xcolor Info: Model `tHsb' substituted by `hsb' on input line 1370.
Package xcolor Info: Model `HSB' substituted by `hsb' on input line 1371.
Package xcolor Info: Model `Gray' substituted by `gray' on input line 1372.
Package xcolor Info: Model `wave' substituted by `hsb' on input line 1373.
)
(/usr/share/texlive/texmf-dist/tex/latex/tools/afterpage.sty
Package: afterpage 2023/07/04 v1.08 After-Page Package (DPC)
\AP@output=\toks34
\AP@partial=\box73
\AP@footins=\box74
)
(/usr/share/texlive/texmf-dist/tex/latex/graphbox/graphbox.sty
Package: graphbox 2018/01/17 v1.1 extension for graphicx to adjust containing b
ox
\Gin@box@box=\box75
\Gin@box@width=\skip73
\Gin@box@height=\skip74
\Gin@box@raise=\skip75
\Gin@box@hspace=\skip76
\Gin@box@bwidth=\skip77
\Gin@box@bheight=\skip78
)
Package hyperref Info: Option `colorlinks' set `true' on input line 68.
LaTeX Font Info:    Trying to load font information for OT1+lmr on input line 1
53.

(/usr/share/texmf/tex/latex/lm/ot1lmr.fd
File: ot1lmr.fd 2015/05/01 v1.6.1 Font defs for Latin Modern
)
(/usr/share/texlive/texmf-dist/tex/latex/l3backend/l3backend-pdftex.def
File: l3backend-pdftex.def 2024-01-04 L3 backend support: PDF output (pdfTeX)
\l__color_backend_stack_int=\count320
\l__pdf_internal_box=\box76
)
(./Tesis_Apellido.aux (./tex/portada.aux) (./tex/acronimos.aux)
(./tex/introduccion.aux) (./tex/Marco.aux

LaTeX Warning: Label `fig:marco-2' multiply defined.

) (./tex/Modelo.aux

LaTeX Warning: Label `fig:mod-1.5' multiply defined.

) (./tex/Resultados.aux) (./tex/conclusiones.aux) (./tex/apx1.aux))
\openout1 = `Tesis_Apellido.aux'.

LaTeX Font Info:    Checking defaults for OML/cmm/m/it on input line 153.
LaTeX Font Info:    ... okay on input line 153.
LaTeX Font Info:    Checking defaults for OMS/cmsy/m/n on input line 153.
LaTeX Font Info:    ... okay on input line 153.
LaTeX Font Info:    Checking defaults for OT1/cmr/m/n on input line 153.
LaTeX Font Info:    ... okay on input line 153.
LaTeX Font Info:    Checking defaults for T1/cmr/m/n on input line 153.
LaTeX Font Info:    ... okay on input line 153.
LaTeX Font Info:    Checking defaults for TS1/cmr/m/n on input line 153.
LaTeX Font Info:    ... okay on input line 153.
LaTeX Font Info:    Checking defaults for OMX/cmex/m/n on input line 153.
LaTeX Font Info:    ... okay on input line 153.
LaTeX Font Info:    Checking defaults for U/cmr/m/n on input line 153.
LaTeX Font Info:    ... okay on input line 153.
LaTeX Font Info:    Checking defaults for PD1/pdf/m/n on input line 153.
LaTeX Font Info:    ... okay on input line 153.
LaTeX Font Info:    Checking defaults for PU/pdf/m/n on input line 153.
LaTeX Font Info:    ... okay on input line 153.

*geometry* driver: auto-detecting
*geometry* detected driver: pdftex
*geometry* verbose mode - [ preamble ] result:
* driver: pdftex
* paper: a4paper
* layout: <same size as paper>
* layoutoffset:(h,v)=(0.0pt,0.0pt)
* modes: twoside 
* h-part:(L,W,R)=(71.13188pt, 441.01773pt, 85.35826pt)
* v-part:(T,H,B)=(85.35826pt, 674.33032pt, 85.35826pt)
* \paperwidth=597.50787pt
* \paperheight=845.04684pt
* \textwidth=441.01773pt
* \textheight=674.33032pt
* \oddsidemargin=-1.1381pt
* \evensidemargin=13.08827pt
* \topmargin=-18.78552pt
* \headheight=12.0pt
* \headsep=19.8738pt
* \topskip=11.0pt
* \footskip=27.46295pt
* \marginparwidth=106.0pt
* \marginparsep=7.0pt
* \columnsep=10.0pt
* \skip\footins=10.0pt plus 4.0pt minus 2.0pt
* \hoffset=0.0pt
* \voffset=0.0pt
* \mag=1000
* \@twocolumnfalse
* \@twosidetrue
* \@mparswitchtrue
* \@reversemarginfalse
* (1in=72.27pt=25.4mm, 1cm=28.453pt)

\symgns@font=\mathgroup6
LaTeX Font Info:    Overwriting symbol font `gns@font' in version `bold'
(Font)                  TS1/lmr/m/n --> TS1/lmr/b/n on input line 153.
Package gensymb Info: Math companion symbols declared on input line 153.
LaTeX Info: Redefining \degree on input line 153.
LaTeX Info: Redefining \celsius on input line 153.
Package gensymb Info: Using text companion symbols for \degree, \celsius and \p
erthousand on input line 153.
LaTeX Info: Redefining \ohm on input line 153.
Package gensymb Info: Using \textohm for \ohm on input line 153.
Package gensymb Info: Using \textmu for \micro on input line 153.
(/usr/share/texlive/texmf-dist/tex/context/base/mkii/supp-pdf.mkii
[Loading MPS to PDF converter (version 2006.09.02).]
\scratchcounter=\count321
\scratchdimen=\dimen260
\scratchbox=\box77
\nofMPsegments=\count322
\nofMParguments=\count323
\everyMPshowfont=\toks35
\MPscratchCnt=\count324
\MPscratchDim=\dimen261
\MPnumerator=\count325
\makeMPintoPDFobject=\count326
\everyMPtoPDFconversion=\toks36
) (/usr/share/texlive/texmf-dist/tex/latex/epstopdf-pkg/epstopdf-base.sty
Package: epstopdf-base 2020-01-24 v2.11 Base part for package epstopdf
Package epstopdf-base Info: Redefining graphics rule for `.eps' on input line 4
85.

(/usr/share/texlive/texmf-dist/tex/latex/latexconfig/epstopdf-sys.cfg
File: epstopdf-sys.cfg 2010/07/13 v1.3 Configuration of (r)epstopdf for TeX Liv
e
))
Package caption Info: Begin \AtBeginDocument code.
Package caption Info: hyperref package is loaded.
Package caption Info: rotating package is loaded.
Package caption Info: threeparttable package is loaded.
Package caption Info: End \AtBeginDocument code.
Package hyperref Info: Link coloring ON on input line 153.

(./Tesis_Apellido.out) (./Tesis_Apellido.out)
\@outlinefile=\write4
\openout4 = `Tesis_Apellido.out'.

\openout2 = `tex/portada.aux'.

 (./tex/portada.tex
<graphics/portada/logo-unlp.png, id=184, 329.23pt x 389.455pt>
File: graphics/portada/logo-unlp.png Graphic file (type png)
<use graphics/portada/logo-unlp.png>
Package pdftex.def Info: graphics/portada/logo-unlp.png  used on input line 5.
(pdftex.def)             Requested size: 192.42043pt x 227.62204pt.
LaTeX Font Info:    Trying to load font information for OML+lmm on input line 6
.

(/usr/share/texmf/tex/latex/lm/omllmm.fd
File: omllmm.fd 2015/05/01 v1.6.1 Font defs for Latin Modern
)
LaTeX Font Info:    Trying to load font information for OMS+lmsy on input line 
6.

(/usr/share/texmf/tex/latex/lm/omslmsy.fd
File: omslmsy.fd 2015/05/01 v1.6.1 Font defs for Latin Modern
)
LaTeX Font Info:    Trying to load font information for OMX+lmex on input line 
6.

(/usr/share/texmf/tex/latex/lm/omxlmex.fd
File: omxlmex.fd 2015/05/01 v1.6.1 Font defs for Latin Modern
)
LaTeX Font Info:    External font `lmex10' loaded for size
(Font)              <10.95> on input line 6.
LaTeX Font Info:    External font `lmex10' loaded for size
(Font)              <8> on input line 6.
LaTeX Font Info:    External font `lmex10' loaded for size
(Font)              <6> on input line 6.
LaTeX Font Info:    Trying to load font information for U+msa on input line 6.

(/usr/share/texlive/texmf-dist/tex/latex/amsfonts/umsa.fd
File: umsa.fd 2013/01/14 v3.01 AMS symbols A
)
LaTeX Font Info:    Trying to load font information for U+msb on input line 6.

(/usr/share/texlive/texmf-dist/tex/latex/amsfonts/umsb.fd
File: umsb.fd 2013/01/14 v3.01 AMS symbols B
)
LaTeX Font Info:    Trying to load font information for TS1+lmr on input line 6
.

(/usr/share/texmf/tex/latex/lm/ts1lmr.fd
File: ts1lmr.fd 2015/05/01 v1.6.1 Font defs for Latin Modern
)

LaTeX Font Warning: Font shape `OT1/lmr/m/scit' undefined
(Font)              using `OT1/lmr/m/scsl' instead on input line 14.

) [1



{/var/lib/texmf/fonts/map/pdftex/updmap/pdftex.map}{/usr/share/texmf/fonts/enc/
dvips/lm/lm-rm.enc}{/usr/share/texmf/fonts/enc/dvips/lm/lm-rmsc.enc} <./graphic
s/portada/logo-unlp.png>] [2



] (./Tesis_Apellido.toc [3

])
\tf@toc=\write5
\openout5 = `Tesis_Apellido.toc'.



Package fancyhdr Warning: \headheight is too small (12.0pt): 
(fancyhdr)                Make it at least 12.87001pt, for example:
(fancyhdr)                \setlength{\headheight}{12.87001pt}.
(fancyhdr)                You might also make \topmargin smaller to compensate:

(fancyhdr)                \addtolength{\topmargin}{-0.87001pt}.

[4]
\openout2 = `tex/acronimos.aux'.

 (./tex/acronimos.tex
! Undefined control sequence.
\enit@enditemize ->\enit@after 
                               \endlist \ifx \enit@series \relax \else \ifnu...
l.39 \end{itemize}
                  
? 
! Undefined control sequence.
\enit@enditemize ...x \else \ifnum \enit@resuming 
                                                  =\@ne \enit@setresumekeys ...
l.39 \end{itemize}
                  
? 
! Missing number, treated as zero.
<to be read again> 
                   =
l.39 \end{itemize}
                  
? 
! Undefined control sequence.
\enit@setresumekeys ...xpandafter {\enit@savekeys 
                                                  }\xdef \enit@afterlist {#2...
l.39 \end{itemize}
                  
? 
! Undefined control sequence.
\enit@setresumekeys ...it@toks }\ifnum \enit@type 
                                                  =\z@ #3\def \enit@noexcs {...
l.39 \end{itemize}
                  
? 
! Missing number, treated as zero.
<to be read again> 
                   =
l.39 \end{itemize}
                  
? 
! Undefined control sequence.
<argument> enit@resume@series@\enit@series 
                                           
l.39 \end{itemize}
                  
? 
! Undefined control sequence.
\enit@setresumekeys ...me@#1}{\csname c@\@listctr 
                                                  \endcsname \the \csname c@...
l.39 \end{itemize}
                  
? 
! Undefined control sequence.
\enit@setresumekeys ...e \the \csname c@\@listctr 
                                                  \endcsname }\fi }
l.39 \end{itemize}
                  
? 
! You can't use `\relax' after \the.
<recently read> \c@ 
                    
l.39 \end{itemize}
                  
? 
! Undefined control sequence.
\enit@enditemize ...ist \fi \ifnum \enit@resuming 
                                                  =\thr@@ \enit@setresumekey...
l.39 \end{itemize}
                  
? 
! Missing number, treated as zero.
<to be read again> 
                   =
l.39 \end{itemize}
                  
? 
! Undefined control sequence.
\enit@setresumekeys ...xpandafter {\enit@savekeys 
                                                  }\xdef \enit@afterlist {#2...
l.39 \end{itemize}
                  
? 
! Undefined control sequence.
\enit@setresumekeys ...it@toks }\ifnum \enit@type 
                                                  =\z@ #3\def \enit@noexcs {...
l.39 \end{itemize}
                  
? 
! Missing number, treated as zero.
<to be read again> 
                   =
l.39 \end{itemize}
                  
? 
! Undefined control sequence.
\enit@setresumekeys ...me@#1}{\csname c@\@listctr 
                                                  \endcsname \the \csname c@...
l.39 \end{itemize}
                  
? 
! Undefined control sequence.
\enit@setresumekeys ...e \the \csname c@\@listctr 
                                                  \endcsname }\fi }
l.39 \end{itemize}
                  
? 
! You can't use `\relax' after \the.
<recently read> \c@ 
                    
l.39 \end{itemize}
                  
? 

! LaTeX Error: \begin{document} ended by \end{itemize}.

See the LaTeX manual or LaTeX Companion for explanation.
Type  H <return>  for immediate help.
 ...                                              
                                                  
l.39 \end{itemize}
                  
? 
! Extra \endgroup.
<recently read> \endgroup 
                          
l.39 \end{itemize}
                  
? 
)

Package fancyhdr Warning: \headheight is too small (12.0pt): 
(fancyhdr)                Make it at least 12.87001pt, for example:
(fancyhdr)                \setlength{\headheight}{12.87001pt}.
(fancyhdr)                You might also make \topmargin smaller to compensate:

(fancyhdr)                \addtolength{\topmargin}{-0.87001pt}.

[5

{/usr/share/texmf/fonts/enc/dvips/lm/lm-ts1.enc}] [6



] (./Tesis_Apellido.lof)
\tf@lof=\write6
\openout6 = `Tesis_Apellido.lof'.


[7

{/usr/share/texmf/fonts/enc/dvips/lm/lm-mathit.enc}] [8

]
\openout2 = `tex/introduccion.aux'.


(./tex/introduccion.tex
\bbl@ensure@spanish {Cap\'\i tulo} 1.
[1



]) [2]
\openout2 = `tex/Marco.aux'.

 (./tex/Marco.tex
\bbl@ensure@spanish {Cap\'\i tulo} 2.
[3





{/usr/share/texmf/fonts/enc/dvips/lm/lm-mathsy.enc}{/usr/share/texmf/fonts/enc/
dvips/lm/lm-mathex.enc}] [4]

LaTeX Warning: Reference `AGNs' on page 5 undefined on input line 80.

[5]
Overfull \hbox (6.83543pt too wide) in paragraph at lines 105--109
[]\OT1/lmr/m/n/10.95 Mecanismo de Bland-ford{Payne (BP, [][]Bland-ford & Payne[
][] [][]1982[][]): aqu^^S^^P, el cam-po magn^^Setico
 []

[6] Excluding 'comment' comment. [7] [8]
<graphics/Marco/cenA_w22.jpg, id=577, 526.96875pt x 526.96875pt>
File: graphics/Marco/cenA_w22.jpg Graphic file (type jpg)
<use graphics/Marco/cenA_w22.jpg>
Package pdftex.def Info: graphics/Marco/cenA_w22.jpg  used on input line 213.
(pdftex.def)             Requested size: 220.50887pt x 220.51323pt.


LaTeX Warning: `!h' float specifier changed to `!ht'.

[9]
<graphics/Marco/3C31-crop.pdf, id=588, 503.8825pt x 502.87875pt>
File: graphics/Marco/3C31-crop.pdf Graphic file (type pdf)
<use graphics/Marco/3C31-crop.pdf>
Package pdftex.def Info: graphics/Marco/3C31-crop.pdf  used on input line 236.
(pdftex.def)             Requested size: 198.45662pt x 198.06326pt.
<graphics/Marco/3C98-crop.pdf, id=589, 503.8825pt x 502.87875pt>
File: graphics/Marco/3C98-crop.pdf Graphic file (type pdf)
<use graphics/Marco/3C98-crop.pdf>
Package pdftex.def Info: graphics/Marco/3C98-crop.pdf  used on input line 241.
(pdftex.def)             Requested size: 198.45662pt x 198.06326pt.
 [10 <./graphics/Marco/cenA_w22.jpg> <./graphics/Marco/3C31-crop.pdf> <./graphi
cs/Marco/3C98-crop.pdf

pdfTeX warning: pdflatex (file ./graphics/Marco/3C98-crop.pdf): PDF inclusion: 
multiple pdfs with page group included in a single page
>]
<graphics/Marco/TANAMI_CEN_A.png, id=631, 602.25pt x 263.98625pt>
File: graphics/Marco/TANAMI_CEN_A.png Graphic file (type png)
<use graphics/Marco/TANAMI_CEN_A.png>
Package pdftex.def Info: graphics/Marco/TANAMI_CEN_A.png  used on input line 26
5.
(pdftex.def)             Requested size: 441.03566pt x 213.39264pt.
LaTeX Font Info:    External font `lmex10' loaded for size
(Font)              <10> on input line 266.
LaTeX Font Info:    External font `lmex10' loaded for size
(Font)              <7> on input line 266.
LaTeX Font Info:    External font `lmex10' loaded for size
(Font)              <5> on input line 266.
 [11 <./graphics/Marco/TANAMI_CEN_A.png>]
<graphics/Marco/EHT_CEN_A.png, id=655, 834.11626pt x 544.0325pt>
File: graphics/Marco/EHT_CEN_A.png Graphic file (type png)
<use graphics/Marco/EHT_CEN_A.png>
Package pdftex.def Info: graphics/Marco/EHT_CEN_A.png  used on input line 282.
(pdftex.def)             Requested size: 352.81552pt x 230.11914pt.
<graphics/Marco/ajad91a5f1_lr.jpg, id=660, 2005.4925pt x 1557.82pt>
File: graphics/Marco/ajad91a5f1_lr.jpg Graphic file (type jpg)
<use graphics/Marco/ajad91a5f1_lr.jpg>
Package pdftex.def Info: graphics/Marco/ajad91a5f1_lr.jpg  used on input line 2
89.
(pdftex.def)             Requested size: 352.81552pt x 274.04881pt.


LaTeX Warning: `!h' float specifier changed to `!ht'.

) [12 <./graphics/Marco/EHT_CEN_A.png>] [13 <./graphics/Marco/ajad91a5f1_lr.jpg
>] [14



]
\openout2 = `tex/Modelo.aux'.

 (./tex/Modelo.tex
\bbl@ensure@spanish {Cap\'\i tulo} 3.
Excluding 'comment' comment.
<graphics/Modelo/conceptual_program_flow.png, id=696, 963.6pt x 813.0375pt>
File: graphics/Modelo/conceptual_program_flow.png Graphic file (type png)
<use graphics/Modelo/conceptual_program_flow.png>
Package pdftex.def Info: graphics/Modelo/conceptual_program_flow.png  used on i
nput line 11.
(pdftex.def)             Requested size: 330.76329pt x 279.07156pt.


! LaTeX Error: Unicode character ́ (U+0301)
               not set up for use with LaTeX.

See the LaTeX manual or LaTeX Companion for explanation.
Type  H <return>  for immediate help.
 ...                                              
                                                  
l.18 ... R_\mathrm{in}$ de baja densidad o vacı́
                                                  a y una vaina o envoltura ...

? 

Underfull \vbox (badness 10000) has occurred while \output is active []

 [15


 <./graphics/Modelo/conceptual_program_flow.png>]
<graphics/Modelo/Limbed_jet.png, id=703, 361.35pt x 289.08pt>
File: graphics/Modelo/Limbed_jet.png Graphic file (type png)
<use graphics/Modelo/Limbed_jet.png>
Package pdftex.def Info: graphics/Modelo/Limbed_jet.png  used on input line 22.

(pdftex.def)             Requested size: 330.76329pt x 264.61147pt.
 [16 <./graphics/Modelo/Limbed_jet.png>] Excluding 'comment' comment. [17] [18]

Overfull \hbox (36.49245pt too wide) in paragraph at lines 140--142
\OT1/lmr/m/n/10.95 donde $\OML/lmm/m/it/10.95 U[] \OT1/lmr/m/n/10.95 = \OML/lmm
/m/it/10.95 B[]=\OT1/lmr/m/n/10.95 8\OML/lmm/m/it/10.95 ^^Y$ \OT1/lmr/m/n/10.95
 es la den-si-dad de en-erg^^S^^Pa magn^^Setica y $\OML/lmm/m/it/10.95 p[]$ \OT
1/lmr/m/n/10.95 la pre-si^^Son magn^^Setica; $\OML/lmm/m/it/10.95 ^^[[] \OT1/lm
r/m/n/10.95 = \OML/lmm/m/it/10.95 L[]=\OT1/lmr/m/n/10.95 (\OML/lmm/m/it/10.95 L
[] \OT1/lmr/m/n/10.95 + \OML/lmm/m/it/10.95 L[]\OT1/lmr/m/n/10.95 )\OML/lmm/m/i
t/10.95 :$ 
 []

<graphics/Modelo/Jet_Power.jpeg, id=743, 701.3402pt x 400.5364pt>
File: graphics/Modelo/Jet_Power.jpeg Graphic file (type jpg)
<use graphics/Modelo/Jet_Power.jpeg>
Package pdftex.def Info: graphics/Modelo/Jet_Power.jpeg  used on input line 149
.
(pdftex.def)             Requested size: 216.1011pt x 123.41325pt.
<graphics/Modelo/sigma_gamma.jpeg, id=744, 513.2776pt x 400.5364pt>
File: graphics/Modelo/sigma_gamma.jpeg Graphic file (type jpg)
<use graphics/Modelo/sigma_gamma.jpeg>
Package pdftex.def Info: graphics/Modelo/sigma_gamma.jpeg  used on input line 1
54.
(pdftex.def)             Requested size: 162.07582pt x 126.4752pt.
[19 <./graphics/Modelo/Jet_power.jpeg> <./graphics/Modelo/sigma_gamma.jpeg>]
Excluding 'comment' comment. [20] [21]
<graphics/Modelo/Cone.png, id=788, 361.35pt x 289.08pt>
File: graphics/Modelo/Cone.png Graphic file (type png)
<use graphics/Modelo/Cone.png>
Package pdftex.def Info: graphics/Modelo/Cone.png  used on input line 274.
(pdftex.def)             Requested size: 198.45662pt x 158.7651pt.


Package wrapfig Warning: Collision between wrapping environments on input line 
279.

<graphics/Modelo/schematic.png, id=789, 361.35pt x 361.35pt>
File: graphics/Modelo/schematic.png Graphic file (type png)
<use graphics/Modelo/schematic.png>
Package pdftex.def Info: graphics/Modelo/schematic.png  used on input line 281.

(pdftex.def)             Requested size: 154.35889pt x 154.35742pt.

Underfull \hbox (badness 2326) in paragraph at lines 278--284
[]\OT1/lmr/m/n/10.95 En el mod-e-lo adop-ta-do, la dis-tribu-ci^^Son de
 []


Package wrapfig Warning: Stationary wrapfigure forced to float on input line 28
4.


Package wrapfig Warning: Stationary wrapfigure forced to float on input line 28
7.


Package wrapfig Warning: Stationary wrapfigure forced to float on input line 28
9.


Overfull \hbox (39.75565pt too wide) detected at line 306
[][][]\OML/lmm/m/it/10.95 l\OT1/lmr/m/n/10.95 (\OML/lmm/m/it/10.95 x; z\OT1/lmr
/m/n/10.95 ) = []
 []

[22 <./graphics/Modelo/Cone.png> <./graphics/Modelo/schematic.png>]
! Double superscript.
<recently read> ^
                 
l.340      I'_\nu'
                  (x, z) = \frac{j'_{\nu'}(z)}{\alpha'_{\nu'}(z)}\, \delta^3
? 
[23] [24]
Overfull \hbox (34.02193pt too wide) in paragraph at lines 477--479
\OT1/lmr/m/n/10.95 donde $^^A\OML/lmm/m/it/10.95 x$ \OT1/lmr/m/n/10.95 y $^^A\O
ML/lmm/m/it/10.95 y$ \OT1/lmr/m/n/10.95 rep-re-sen-tan el tama~no de las cel-da
s. Es-tos val-ores se de-finen co-mo $^^A\OML/lmm/m/it/10.95 x; \OT1/lmr/m/n/10
.95 ^^A\OML/lmm/m/it/10.95 y \OT1/lmr/m/n/10.95 = \OML/lmm/m/it/10.95 f[]; ^^[[
]$\OT1/lmr/m/n/10.95 ,
 []

<graphics/Modelo/Convolucion_a_dos_puntos.png, id=831, 563.706pt x 476.982pt>
File: graphics/Modelo/Convolucion_a_dos_puntos.png Graphic file (type png)
<use graphics/Modelo/Convolucion_a_dos_puntos.png>
Package pdftex.def Info: graphics/Modelo/Convolucion_a_dos_puntos.png  used on 
input line 505.
(pdftex.def)             Requested size: 211.68661pt x 179.11525pt.
LaTeX Font Info:    External font `lmex10' loaded for size
(Font)              <9> on input line 506.
<graphics/Modelo/Convolucion_a_dos_puntos_Tb.png, id=832, 563.706pt x 476.982pt
>
File: graphics/Modelo/Convolucion_a_dos_puntos_Tb.png Graphic file (type png)
<use graphics/Modelo/Convolucion_a_dos_puntos_Tb.png>
Package pdftex.def Info: graphics/Modelo/Convolucion_a_dos_puntos_Tb.png  used 
on input line 512.
(pdftex.def)             Requested size: 211.68661pt x 179.11525pt.

LaTeX Warning: `h' float specifier changed to `ht'.

[25]) [26 <./graphics/Modelo/Convolucion_a_dos_puntos.png> <./graphics/Modelo/C
onvolucion_a_dos_puntos_Tb.png>]
\openout2 = `tex/Resultados.aux'.

 (./tex/Resultados.tex
\bbl@ensure@spanish {Cap\'\i tulo} 4.
Excluding 'comment' comment.
<graphics/Resultados/SEDs_a_injs.pdf, id=853, 462.52798pt x 346.89601pt>
File: graphics/Resultados/SEDs_a_injs.pdf Graphic file (type pdf)
<use graphics/Resultados/SEDs_a_injs.pdf>
Package pdftex.def Info: graphics/Resultados/SEDs_a_injs.pdf  used on input lin
e 31.
(pdftex.def)             Requested size: 216.1011pt x 162.07777pt.
<graphics/Resultados/SEDs_Ljs.pdf, id=854, 462.52798pt x 346.89601pt>
File: graphics/Resultados/SEDs_Ljs.pdf Graphic file (type pdf)
<use graphics/Resultados/SEDs_Ljs.pdf>
Package pdftex.def Info: graphics/Resultados/SEDs_Ljs.pdf  used on input line 3
7.
(pdftex.def)             Requested size: 216.1011pt x 162.07777pt.
<graphics/Resultados/SEDs_sigma0s.pdf, id=855, 462.52798pt x 346.89601pt>
File: graphics/Resultados/SEDs_sigma0s.pdf Graphic file (type pdf)
<use graphics/Resultados/SEDs_sigma0s.pdf>
Package pdftex.def Info: graphics/Resultados/SEDs_sigma0s.pdf  used on input li
ne 43.
(pdftex.def)             Requested size: 216.1011pt x 162.07777pt.


LaTeX Warning: `!h' float specifier changed to `!ht'.

[27





] [28 <./graphics/Resultados/SEDs_a_injs.pdf> <./graphics/Resultados/SEDs_Ljs.p
df> <./graphics/Resultados/SEDs_sigma0s.pdf>]
<graphics/Resultados/Mapa_Tb_0-135.jpeg, id=983, 867.24pt x 433.62pt>
File: graphics/Resultados/Mapa_Tb_0-135.jpeg Graphic file (type jpg)
<use graphics/Resultados/Mapa_Tb_0-135.jpeg>
Package pdftex.def Info: graphics/Resultados/Mapa_Tb_0-135.jpeg  used on input 
line 72.
(pdftex.def)             Requested size: 216.09488pt x 168.5818pt.

Underfull \hbox (badness 1152) in paragraph at lines 73--73
[]\OT1/lmr/bx/n/9 (a) |\OT1/lmr/m/n/9 Ma-pa de tem-per-atu-ra de bril-lo en el 
cielo,
 []

<graphics/Resultados/Mapa_Tb_75-135.jpeg, id=984, 867.24pt x 433.62pt>
File: graphics/Resultados/Mapa_Tb_75-135.jpeg Graphic file (type jpg)
<use graphics/Resultados/Mapa_Tb_75-135.jpeg>
Package pdftex.def Info: graphics/Resultados/Mapa_Tb_75-135.jpeg  used on input
 line 79.
(pdftex.def)             Requested size: 216.09488pt x 168.5818pt.

Underfull \hbox (badness 1062) in paragraph at lines 80--80
[]\OT1/lmr/bx/n/9 (b) |\OT1/lmr/m/n/9 Ma-pa de tem-per-atu-ra de bril-lo en el 
cielo,
 []

<graphics/Resultados/SQRT_T_brightness_(230GHz).png, id=985, 867.24pt x 433.62p
t>
File: graphics/Resultados/SQRT_T_brightness_(230GHz).png Graphic file (type png
)
<use graphics/Resultados/SQRT_T_brightness_(230GHz).png>
Package pdftex.def Info: graphics/Resultados/SQRT_T_brightness_(230GHz).png  us
ed on input line 89.
(pdftex.def)             Requested size: 216.09488pt x 168.5818pt.

Underfull \hbox (badness 1205) in paragraph at lines 90--90
[]\OT1/lmr/bx/n/9 (c) |\OT1/lmr/m/n/9 Ma-pa de tem-per-atu-ra de bril-lo en el 
cielo,
 []

<graphics/Resultados/Mapa_Tb_130-135.jpeg, id=986, 867.24pt x 433.62pt>
File: graphics/Resultados/Mapa_Tb_130-135.jpeg Graphic file (type jpg)
<use graphics/Resultados/Mapa_Tb_130-135.jpeg>
Package pdftex.def Info: graphics/Resultados/Mapa_Tb_130-135.jpeg  used on inpu
t line 96.
(pdftex.def)             Requested size: 216.09488pt x 168.5818pt.

Underfull \hbox (badness 1062) in paragraph at lines 97--97
[]\OT1/lmr/bx/n/9 (d) |\OT1/lmr/m/n/9 Ma-pa de tem-per-atu-ra de bril-lo en el 
cielo,
 []

[29 <./graphics/Resultados/Mapa_Tb_0-135.jpeg> <./graphics/Resultados/Mapa_Tb_7
5-135.jpeg> <./graphics/Resultados/SQRT_T_brightness_(230GHz).png> <./graphics/
Resultados/Mapa_Tb_130-135.jpeg>]
<graphics/Resultados/SQRT_T_brightness_(230GHz).jpeg, id=1002, 1084.05pt x 505.
89pt>
File: graphics/Resultados/SQRT_T_brightness_(230GHz).jpeg Graphic file (type jp
g)
<use graphics/Resultados/SQRT_T_brightness_(230GHz).jpeg>
Package pdftex.def Info: graphics/Resultados/SQRT_T_brightness_(230GHz).jpeg  u
sed on input line 114.
(pdftex.def)             Requested size: 216.09488pt x 155.09515pt.
<graphics/Resultados/Mapa_Tb_convolucion_B.jpeg, id=1003, 867.24pt x 433.62pt>
File: graphics/Resultados/Mapa_Tb_convolucion_B.jpeg Graphic file (type jpg)
<use graphics/Resultados/Mapa_Tb_convolucion_B.jpeg>
Package pdftex.def Info: graphics/Resultados/Mapa_Tb_convolucion_B.jpeg  used o
n input line 121.
(pdftex.def)             Requested size: 216.09488pt x 155.09076pt.
<graphics/Resultados/Mapa_Tb_convolucion_C.jpeg, id=1004, 867.24pt x 433.62pt>
File: graphics/Resultados/Mapa_Tb_convolucion_C.jpeg Graphic file (type jpg)
<use graphics/Resultados/Mapa_Tb_convolucion_C.jpeg>
Package pdftex.def Info: graphics/Resultados/Mapa_Tb_convolucion_C.jpeg  used o
n input line 126.
(pdftex.def)             Requested size: 216.09488pt x 155.09076pt.

! Undefined control sequence.
<argument> ...s los de la figura superior. \textb 
                                                  {Figura derecha:} Se utili...
l.129 ... FWHM 4 veces los de la figura superior.}
                                                  
? 
! Undefined control sequence.
<argument> ...s los de la figura superior. \textb 
                                                  {Figura derecha:} Se utili...
l.129 ... FWHM 4 veces los de la figura superior.}
                                                  
? 
<graphics/Resultados/Tb_vs_Z_(prueba1).jpeg, id=1012, 1084.05pt x 650.43pt>
File: graphics/Resultados/Tb_vs_Z_(prueba1).jpeg Graphic file (type jpg)
<use graphics/Resultados/Tb_vs_Z_(prueba1).jpeg>
Package pdftex.def Info: graphics/Resultados/Tb_vs_Z_(prueba1).jpeg  used on in
put line 144.
(pdftex.def)             Requested size: 216.09488pt x 168.58179pt.

Underfull \hbox (badness 2478) in paragraph at lines 145--145
[]\OT1/lmr/bx/n/9 (a) |\OT1/lmr/m/n/9 Per-fil de bril-lo su-per-fi-cial log-ar^
^S^^Ptmico para
 []


Underfull \hbox (badness 2970) in paragraph at lines 145--145
\OT1/lmr/m/n/9 dis-tin-tos val-ores de $\OML/lmm/m/it/9 R[]$\OT1/lmr/m/n/9 . Fi
-jamos el val-or de
 []

<graphics/Resultados/Tb_vs_Z_(prueba2).jpeg, id=1013, 1084.05pt x 650.43pt>
File: graphics/Resultados/Tb_vs_Z_(prueba2).jpeg Graphic file (type jpg)
<use graphics/Resultados/Tb_vs_Z_(prueba2).jpeg>
Package pdftex.def Info: graphics/Resultados/Tb_vs_Z_(prueba2).jpeg  used on in
put line 151.
(pdftex.def)             Requested size: 216.09488pt x 168.58179pt.
<graphics/Resultados/Tb_vs_Z_(prueba2b).jpeg, id=1014, 1084.05pt x 650.43pt>
File: graphics/Resultados/Tb_vs_Z_(prueba2b).jpeg Graphic file (type jpg)
<use graphics/Resultados/Tb_vs_Z_(prueba2b).jpeg>
Package pdftex.def Info: graphics/Resultados/Tb_vs_Z_(prueba2b).jpeg  used on i
nput line 161.
(pdftex.def)             Requested size: 216.09488pt x 168.58179pt.
<graphics/Resultados/Tb_vs_Z_(prueba3).jpeg, id=1015, 1084.05pt x 650.43pt>
File: graphics/Resultados/Tb_vs_Z_(prueba3).jpeg Graphic file (type jpg)
<use graphics/Resultados/Tb_vs_Z_(prueba3).jpeg>
Package pdftex.def Info: graphics/Resultados/Tb_vs_Z_(prueba3).jpeg  used on in
put line 168.
(pdftex.def)             Requested size: 216.09488pt x 168.58179pt.
! Extra }, or forgotten \endgroup.
\@endfloatbox ...pagefalse \outer@nobreak \egroup 
                                                  \color@endbox 
l.175 \end{figure}
                  
? 
[30 <./graphics/Resultados/SQRT_T_brightness_(230GHz).jpeg> <./graphics/Resulta
dos/Mapa_Tb_convolucion_B.jpeg> <./graphics/Resultados/Mapa_Tb_convolucion_C.jp
eg>] [31 <./graphics/Resultados/Tb_vs_Z_(prueba1).jpeg> <./graphics/Resultados/
Tb_vs_Z_(prueba2).jpeg> <./graphics/Resultados/Tb_vs_Z_(prueba2b).jpeg> <./grap
hics/Resultados/Tb_vs_Z_(prueba3).jpeg>]
<graphics/Resultados/RvZ.jpg, id=1029, 722.7pt x 433.62pt>
File: graphics/Resultados/RvZ.jpg Graphic file (type jpg)
<use graphics/Resultados/RvZ.jpg>
Package pdftex.def Info: graphics/Resultados/RvZ.jpg  used on input line 197.
(pdftex.def)             Requested size: 330.76329pt x 198.45529pt.


LaTeX Warning: `!h' float specifier changed to `!ht'.


Overfull \hbox (15.3847pt too wide) in paragraph at lines 204--205
\OT1/lmr/m/n/10.95 ris et al.[][], [][]2010[][]) de la V^^S^^Pa L^^Sactea, el n
^^Sucleo de la galax-ia con-tiene un SMBH de $\OML/lmm/m/it/10.95 M[] \OT1/lmr/
m/n/10.95 = 5\OML/lmm/m/it/10.95 :\OT1/lmr/m/n/10.95 5 \OMS/lmsy/m/n/10.95 ^^B 
\OT1/lmr/m/n/10.95 10[] \OML/lmm/m/it/10.95 M[]$
 []

[32] [33 <./graphics/Resultados/RvZ.jpg>]
<graphics/Resultados/dFdz.png, id=1061, 722.7pt x 433.62pt>
File: graphics/Resultados/dFdz.png Graphic file (type png)
<use graphics/Resultados/dFdz.png>
Package pdftex.def Info: graphics/Resultados/dFdz.png  used on input line 256.
(pdftex.def)             Requested size: 330.76329pt x 198.45529pt.
<graphics/Resultados/fluxTot.jpeg, id=1062, 1084.05pt x 650.43pt>
File: graphics/Resultados/fluxTot.jpeg Graphic file (type jpg)
<use graphics/Resultados/fluxTot.jpeg>
Package pdftex.def Info: graphics/Resultados/fluxTot.jpeg  used on input line 2
62.
(pdftex.def)             Requested size: 330.76329pt x 198.45529pt.
 [34 <./graphics/Resultados/dFdz.png> <./graphics/Resultados/fluxTot.jpeg>]
<graphics/Resultados/Core_shift.jpeg, id=1085, 722.7pt x 433.62pt>
File: graphics/Resultados/Core_shift.jpeg Graphic file (type jpg)
<use graphics/Resultados/Core_shift.jpeg>
Package pdftex.def Info: graphics/Resultados/Core_shift.jpeg  used on input lin
e 274.
(pdftex.def)             Requested size: 286.65883pt x 171.99591pt.
File: graphics/Resultados/SQRT_T_brightness_(230GHz).jpeg Graphic file (type jp
g)
<use graphics/Resultados/SQRT_T_brightness_(230GHz).jpeg>
Package pdftex.def Info: graphics/Resultados/SQRT_T_brightness_(230GHz).jpeg  u
sed on input line 288.
(pdftex.def)             Requested size: 286.65883pt x 133.7746pt.
 [35 <./graphics/Resultados/Core_shift.jpeg>]
<graphics/Resultados/TvZ.jpeg, id=1100, 1084.05pt x 650.43pt>
File: graphics/Resultados/TvZ.jpeg Graphic file (type jpg)
<use graphics/Resultados/TvZ.jpeg>
Package pdftex.def Info: graphics/Resultados/TvZ.jpeg  used on input line 303.
(pdftex.def)             Requested size: 330.76329pt x 198.45529pt.
) [36 <./graphics/Resultados/TvZ.jpeg>]
\openout2 = `tex/conclusiones.aux'.

 (./tex/conclusiones.tex
\bbl@ensure@spanish {Cap\'\i tulo} 5.
[37





]
Overfull \hbox (1.45515pt too wide) in paragraph at lines 21--22
[]\OT1/lmr/m/n/10.95 Incorporar la emisi^^Son por pro-ce-sos de Comp-ton in-ver
-so (IC) y \OT1/lmr/m/it/10.95 Syn-chrotron Self-Compton
 []

) [38]
\openout2 = `tex/apx1.aux'.

 (./tex/apx1.tex
\bbl@ensure@spanish {Ap\'endice} A.
[39





]
Runaway argument?
{{Rybicki1979}: 
! Paragraph ended before \@citex was complete.
<to be read again> 
                   \par 
l.70 
     
? 
<graphics/Marco/Sincrotron_absorcion.png, id=1135, 555.07375pt x 383.4325pt>
File: graphics/Marco/Sincrotron_absorcion.png Graphic file (type png)
<use graphics/Marco/Sincrotron_absorcion.png>
Package pdftex.def Info: graphics/Marco/Sincrotron_absorcion.png  used on input
 line 86.
(pdftex.def)             Requested size: 286.65883pt x 198.01698pt.

LaTeX Warning: `!h' float specifier changed to `!ht'.

) [40] [41 <./graphics/Marco/Sincrotron_absorcion.png>] [42



]
(./Tesis_Apellido.bbl
! Undefined control sequence.
l.10 ...r}, S.~R., \& {Prosekin}, A.~Y. 2010, \prd
                                                  , 82,
? 
LaTeX Font Info:    Trying to load font information for OT1+lmtt on input line 
11.
(/usr/share/texmf/tex/latex/lm/ot1lmtt.fd
File: ot1lmtt.fd 2015/05/01 v1.6.1 Font defs for Latin Modern
)
! Misplaced alignment tab character &.
l.77 ...L.}, {Vega-García, L.}, {et~al.} 2021, A&
                                                  A, 654, A27,
? 

Underfull \hbox (badness 1616) in paragraph at lines 99--101
[]\OT1/lmr/m/n/10.95 Cui, Y., Ha-da, K., Kawashima, T., et al. 2023, Na-ture, 6
21, 711, doi: [][]$\OT1/lmtt/m/n/10.95 10 . 1038 /
 []

[43


{/usr/share/texmf/fonts/enc/dvips/lm/lm-rmtt.enc}]
! Undefined control sequence.
l.171 ...n}, F.~A., \& {Bugayov}, V.~V. 2006, \prd
                                                  , 74,
? 
! Undefined control sequence.
l.201 ...}, A.~R., \& {Blundell}, K.~M. 2020, \nar
                                                  , 89, 101543,
? 

Package fancyhdr Warning: \headheight is too small (12.0pt): 
(fancyhdr)                Make it at least 12.87001pt, for example:
(fancyhdr)                \setlength{\headheight}{12.87001pt}.
(fancyhdr)                You might also make \topmargin smaller to compensate:

(fancyhdr)                \addtolength{\topmargin}{-0.87001pt}.

[44]
! Undefined control sequence.
l.266 ...rkoff}, S., \& {Tavecchio}, F. 2017, \ssr
                                                  ,
? 

Underfull \hbox (badness 1237) in paragraph at lines 295--297
[]\OT1/lmr/m/n/10.95 Walker, R. C., Hard-ee, P. E., Davies, F., et al. 2016, Ga
lax-ies, 4, doi: [][]$\OT1/lmtt/m/n/10.95 10 . 3390 /
 []

)

Package fancyhdr Warning: \headheight is too small (12.0pt): 
(fancyhdr)                Make it at least 12.87001pt, for example:
(fancyhdr)                \setlength{\headheight}{12.87001pt}.
(fancyhdr)                You might also make \topmargin smaller to compensate:

(fancyhdr)                \addtolength{\topmargin}{-0.87001pt}.

[45] (./Tesis_Apellido.aux (./tex/portada.aux) (./tex/acronimos.aux)
(./tex/introduccion.aux) (./tex/Marco.aux) (./tex/Modelo.aux)
(./tex/Resultados.aux) (./tex/conclusiones.aux) (./tex/apx1.aux))
 ***********
LaTeX2e <2023-11-01> patch level 1
L3 programming layer <2024-01-22>
 ***********


LaTeX Warning: There were undefined references.


LaTeX Warning: There were multiply-defined labels.

Package rerunfilecheck Info: File `Tesis_Apellido.out' has not changed.
(rerunfilecheck)             Checksum: F267AFDB8A519E045E1AF28878F530B6;8859.
 )
(\end occurred inside a group at level 1)

### semi simple group (level 1) entered at line 69 (\begingroup)
### bottom level 
Here is how much of TeX's memory you used:
 19922 strings out of 476106
 373769 string characters out of 5793932
 1941975 words of memory out of 5000000
 41346 multiletter control sequences out of 15000+600000
 658697 words of font info for 103 fonts, out of 8000000 for 9000
 59 hyphenation exceptions out of 8191
 75i,13n,83p,1362b,1162s stack positions out of 10000i,1000n,20000p,200000b,200000s
</usr/share/texmf/fonts/type1/public/lm/lmbx10.pfb></usr/share/
texmf/fonts/type1/public/lm/lmbx12.pfb></usr/share/texmf/fonts/type1/public/lm/
lmbx9.pfb></usr/share/texmf/fonts/type1/public/lm/lmbxi10.pfb></usr/share/texmf
/fonts/type1/public/lm/lmcsc10.pfb></usr/share/texmf/fonts/type1/public/lm/lmcs
co10.pfb></usr/share/texmf/fonts/type1/public/lm/lmex10.pfb></usr/share/texmf/f
onts/type1/public/lm/lmmi10.pfb></usr/share/texmf/fonts/type1/public/lm/lmmi6.p
fb></usr/share/texmf/fonts/type1/public/lm/lmmi7.pfb></usr/share/texmf/fonts/ty
pe1/public/lm/lmmi8.pfb></usr/share/texmf/fonts/type1/public/lm/lmmi9.pfb></usr
/share/texmf/fonts/type1/public/lm/lmr10.pfb></usr/share/texmf/fonts/type1/publ
ic/lm/lmr12.pfb></usr/share/texmf/fonts/type1/public/lm/lmr17.pfb></usr/share/t
exmf/fonts/type1/public/lm/lmr6.pfb></usr/share/texmf/fonts/type1/public/lm/lmr
7.pfb></usr/share/texmf/fonts/type1/public/lm/lmr8.pfb></usr/share/texmf/fonts/
type1/public/lm/lmr9.pfb></usr/share/texmf/fonts/type1/public/lm/lmri10.pfb></u
sr/share/texmf/fonts/type1/public/lm/lmri9.pfb></usr/share/texmf/fonts/type1/pu
blic/lm/lmsy10.pfb></usr/share/texmf/fonts/type1/public/lm/lmsy6.pfb></usr/shar
e/texmf/fonts/type1/public/lm/lmsy7.pfb></usr/share/texmf/fonts/type1/public/lm
/lmsy8.pfb></usr/share/texmf/fonts/type1/public/lm/lmtt10.pfb></usr/share/texli
ve/texmf-dist/fonts/type1/public/amsfonts/symbols/msam10.pfb>
Output written on Tesis_Apellido.pdf (53 pages, 12397075 bytes).
PDF statistics:
 1409 PDF objects out of 1440 (max. 8388607)
 1138 compressed objects within 12 object streams
 253 named destinations out of 1000 (max. 500000)
 536 words of extra memory for PDF output out of 10000 (max. 10000000)

